C:\xampp\htdocs\workspace\examples>cd 71

C:\xampp\htdocs\workspace\examples\71>dir
 El volumen de la unidad C no tiene etiqueta.
 El número de serie del volumen es: E2DE-58C4

 Directorio de C:\xampp\htdocs\workspace\examples\71

09/10/2014  07:44 p.m.    <DIR>          .
09/10/2014  07:44 p.m.    <DIR>          ..
09/10/2014  05:40 p.m.                32 ejemplo.php
09/10/2014  05:40 p.m.                32 index.php
               2 archivos             64 bytes
               2 dirs  21,251,018,752 bytes libres

C:\xampp\htdocs\workspace\examples\71>
C:\xampp\htdocs\workspace\examples\71>
C:\xampp\htdocs\workspace\examples\71>
C:\xampp\htdocs\workspace\examples\71>
C:\xampp\htdocs\workspace\examples\71>
C:\xampp\htdocs\workspace\examples\71>git init
Initialized empty Git repository in C:/xampp/htdocs/workspace/examples/71/.git/

C:\xampp\htdocs\workspace\examples\71>dir
 El volumen de la unidad C no tiene etiqueta.
 El número de serie del volumen es: E2DE-58C4

 Directorio de C:\xampp\htdocs\workspace\examples\71

09/10/2014  07:45 p.m.    <DIR>          .
09/10/2014  07:45 p.m.    <DIR>          ..
09/10/2014  05:40 p.m.                32 ejemplo.php
09/10/2014  05:40 p.m.                32 index.php
               2 archivos             64 bytes
               2 dirs  21,250,973,696 bytes libres

C:\xampp\htdocs\workspace\examples\71>git status
On branch master

Initial commit

Untracked files:
  (use "git add <file>..." to include in what will be committed)

        ejemplo.php
        index.php

nothing added to commit but untracked files present (use "git add" to track)

C:\xampp\htdocs\workspace\examples\71>git add *

C:\xampp\htdocs\workspace\examples\71>git status
On branch master

Initial commit

Changes to be committed:
  (use "git rm --cached <file>..." to unstage)

        new file:   ejemplo.php
        new file:   index.php


C:\xampp\htdocs\workspace\examples\71>git commit -m "Practica 01 del tic 71, co
trol escolar"
[master (root-commit) dc16094] Practica 01 del tic 71, control escolar
 2 files changed, 10 insertions(+)
 create mode 100644 ejemplo.php
 create mode 100644 index.php

C:\xampp\htdocs\workspace\examples\71>git status
On branch master
nothing to commit, working directory clean

C:\xampp\htdocs\workspace\examples\71>git remote add raul https://github.com/pm
aulgarcia/tic71.git

C:\xampp\htdocs\workspace\examples\71>git remote -v
raul    https://github.com/pmraulgarcia/tic71.git (fetch)
raul    https://github.com/pmraulgarcia/tic71.git (push)

C:\xampp\htdocs\workspace\examples\71>git push -u raul master
Username for 'https://github.com': pmraulgarcia
Password for 'https://pmraulgarcia@github.com':
Counting objects: 3, done.
Delta compression using up to 4 threads.
Compressing objects: 100% (2/2), done.
Writing objects: 100% (3/3), 272 bytes | 0 bytes/s, done.
Total 3 (delta 0), reused 0 (delta 0)
To https://github.com/pmraulgarcia/tic71.git
 * [new branch]      master -> master
Branch master set up to track remote branch master from raul.

C:\xampp\htdocs\workspace\examples\71>git status
On branch master
Your branch is up-to-date with 'raul/master'.

Untracked files:
  (use "git add <file>..." to include in what will be committed)

        base_datos.txt

nothing added to commit but untracked files present (use "git add" to track)

C:\xampp\htdocs\workspace\examples\71>git add base_datos.txt

C:\xampp\htdocs\workspace\examples\71>git status
On branch master
Your branch is up-to-date with 'raul/master'.

Changes to be committed:
  (use "git reset HEAD <file>..." to unstage)

        new file:   base_datos.txt


C:\xampp\htdocs\workspace\examples\71>git commit -m "Archivo de la base de dato
 hasta el 09 oct"
[master 606382b] Archivo de la base de datos hasta el 09 oct
 1 file changed, 0 insertions(+), 0 deletions(-)
 create mode 100644 base_datos.txt

C:\xampp\htdocs\workspace\examples\71>git status
On branch master
Your branch is ahead of 'raul/master' by 1 commit.
  (use "git push" to publish your local commits)

nothing to commit, working directory clean

C:\xampp\htdocs\workspace\examples\71>git remote -v
raul    https://github.com/pmraulgarcia/tic71.git (fetch)
raul    https://github.com/pmraulgarcia/tic71.git (push)

C:\xampp\htdocs\workspace\examples\71>git push -u raul master
Username for 'https://github.com': pmraulgarcia
Password for 'https://pmraulgarcia@github.com':
Counting objects: 4, done.
Delta compression using up to 4 threads.
Compressing objects: 100% (2/2), done.
Writing objects: 100% (3/3), 313 bytes | 0 bytes/s, done.
Total 3 (delta 0), reused 0 (delta 0)
To https://github.com/pmraulgarcia/tic71.git
   dc16094..606382b  master -> master
Branch master set up to track remote branch master from raul.

C:\xampp\htdocs\workspace\examples\71>git status
On branch master
Your branch is up-to-date with 'raul/master'.

Changes not staged for commit:
  (use "git add <file>..." to update what will be committed)
  (use "git checkout -- <file>..." to discard changes in working directory)

        modified:   ejemplo.php

no changes added to commit (use "git add" and/or "git commit -a")

C:\xampp\htdocs\workspace\examples\71>git add ejemplo.php

C:\xampp\htdocs\workspace\examples\71>git status
On branch master
Your branch is up-to-date with 'raul/master'.

Changes to be committed:
  (use "git reset HEAD <file>..." to unstage)

        modified:   ejemplo.php


C:\xampp\htdocs\workspace\examples\71>git commit -m "Coloque la validacion en e
 formulario"
[master c72c62a] Coloque la validacion en el formulario
 1 file changed, 1 insertion(+)

C:\xampp\htdocs\workspace\examples\71>git status
On branch master
Your branch is ahead of 'raul/master' by 1 commit.
  (use "git push" to publish your local commits)

nothing to commit, working directory clean

C:\xampp\htdocs\workspace\examples\71>git push -u raul master
Username for 'https://github.com': pmraulgarcia
Password for 'https://pmraulgarcia@github.com':
Counting objects: 5, done.
Delta compression using up to 4 threads.
Compressing objects: 100% (2/2), done.
Writing objects: 100% (3/3), 368 bytes | 0 bytes/s, done.
Total 3 (delta 0), reused 0 (delta 0)
To https://github.com/pmraulgarcia/tic71.git
   606382b..c72c62a  master -> master
Branch master set up to track remote branch master from raul.

C:\xampp\htdocs\workspace\examples\71>git pull raul
remote: Counting objects: 3, done.
remote: Compressing objects: 100% (3/3), done.
remote: Total 3 (delta 1), reused 0 (delta 0)
Unpacking objects: 100% (3/3), done.
From https://github.com/pmraulgarcia/tic71
   c72c62a..9800005  master     -> raul/master
Updating c72c62a..9800005
Fast-forward
 README.md | 7 +++++++
 1 file changed, 7 insertions(+)
 create mode 100644 README.md

C:\xampp\htdocs\workspace\examples\71>git log
commit 98000052996f6d00e5eeb72dd7b756341447afba
Author: Raul Garcia <pm.raulgarcia@gmail.com>
Date:   Thu Oct 9 20:00:58 2014 -0500

    coloque la licencia

commit c72c62a29b460f8baaa5437f5c03611415e7d291
Author: pmraulgarcia <raulgarciamx@hotmail.com>
Date:   Thu Oct 9 19:58:32 2014 -0500

    Coloque la validacion en el formulario

commit 606382b59c0a541352f6b0061a676c553f0850ca
Author: pmraulgarcia <raulgarciamx@hotmail.com>
Date:   Thu Oct 9 19:55:51 2014 -0500

    Archivo de la base de datos hasta el 09 oct

commit dc160943234f2e3c7b228ddb75354f12d7c33a43
Author: pmraulgarcia <raulgarciamx@hotmail.com>
Date:   Thu Oct 9 19:47:49 2014 -0500

    Practica 01 del tic 71, control escolar

C:\xampp\htdocs\workspace\examples\71>






